// Jest Snapshot v1, https://goo.gl/fbAQLP

exports[`Button when the no props are passed except children sets the default variants to "secondary" and "medium" 1`] = `
.c1 {
  -webkit-align-items: center;
  -webkit-box-align: center;
  -ms-flex-align: center;
  align-items: center;
  border: 2px solid transparent;
  cursor: pointer;
  display: -webkit-inline-box;
  display: -webkit-inline-flex;
  display: -ms-inline-flexbox;
  display: inline-flex;
  -webkit-flex-direction: column;
  -ms-flex-direction: column;
  flex-direction: column;
  -webkit-flex-flow: wrap;
  -ms-flex-flow: wrap;
  flex-flow: wrap;
  font-weight: 600;
  -webkit-box-pack: center;
  -webkit-justify-content: center;
  -ms-flex-pack: center;
  justify-content: center;
  vertical-align: middle;
  background: transparent;
  border-color: #26A826;
  color: #26A826;
  font-size: 14px;
  height: 40px;
  padding-left: 24px;
  padding-right: 24px;
}

.c1:focus {
  outline: solid 3px #FFB500;
}

.c1 + .c0 {
  margin-left: 16px;
}

.c1:hover {
  background: #006300;
  border-color: #006300;
  color: #FFFFFF;
}

.c1 .carbon-icon {
  margin-left: 8px;
  margin-right: -4px;
}

<button
  className="c0 c1"
  disabled={false}
  role="button"
  size="medium"
>
  
  <span>
    <span
      data-element="main-text"
    >
      mock content
    </span>
  </span>
  
</button>
`;
