// Jest Snapshot v1, https://goo.gl/fbAQLP

exports[`Filterable provides a filterable context with filter, filterType, customFilter and children 1`] = `
<ContextProvider
  value={
    Object {
      "customFilter": [Function],
      "filter": "foo",
      "filterType": "startsWith",
    }
  }
>
  test children
</ContextProvider>
`;
