// Jest Snapshot v1, https://goo.gl/fbAQLP

exports[`formWithValidation matches the snapshot when the HOC is passed a component with children 1`] = `
<ContextProvider
  value={
    Object {
      "addInput": [Function],
      "adjustCount": [Function],
      "removeInput": [Function],
    }
  }
>
  <MockComponent
    errorCount={0}
    infoCount={0}
    validate={[Function]}
    validationTypes={
      Array [
        "error",
        "warning",
        "info",
      ]
    }
    warningCount={0}
  >
    <MockComponent
      errors={[Function]}
      info={[Function]}
      name="foo"
      value="foo"
      warnings={[Function]}
    />
    <MockComponent
      errors={[Function]}
      info={[Function]}
      name="bar"
      value=""
      warnings={[Function]}
    />
  </MockComponent>
</ContextProvider>
`;
