// Jest Snapshot v1, https://goo.gl/fbAQLP

exports[`Validations component matchessnapshpt test 1`] = `
<div>
  <Component />
  <Component />
  <Component />
</div>
`;
