// Jest Snapshot v1, https://goo.gl/fbAQLP

exports[`Loader renders as expected 1`] = `
<styled.div
  data-component="loader"
  isInsideButton={false}
  size="small"
  theme={
    Object {
      "colors": Object {
        "base": "#00A376",
        "border": "#668491",
        "brand": "#00DC00",
        "destructive": Object {
          "hover": "#9F2C3F",
        },
        "error": "#C7384F",
        "focus": "#FFB500",
        "focusedIcon": "#335B6D",
        "focusedLinkBackground": "#FFDA7F",
        "hoveredTabKeyline": "#4CB74C",
        "info": "#0073C2",
        "primary": "#26A826",
        "secondary": "#006300",
        "success": "#00B000",
        "tertiary": "#004400",
        "warning": "#E96400",
        "white": "#FFFFFF",
        "whiteMix": "#E5F4E5",
      },
      "disabled": Object {
        "background": "#E5EAEC",
        "border": "#CCD6DA",
        "button": "#E5EAEC",
        "buttonText": "rgba(0,0,0,.2)",
        "disabled": "rgba(0,0,0,0.55)",
        "input": "#F2F4F5",
        "text": "rgba(0,0,0,0.3)",
      },
      "icon": Object {
        "focus": "#335B6D",
      },
      "name": "base",
      "shadows": Object {
        "cards": "0 3px 3px 0 rgba(0,20,29,0.2), 0 2px 4px 0 rgba(0,20,29,0.15)",
        "depth1": "0 5px 5px 0 rgba(0,20,29,0.2), 0 10px 10px 0 rgba(0,20,29,0.1)",
        "depth2": "0 10px 20px 0 rgba(0,20,29,0.2), 0 20px 40px 0 rgba(0,20,29,0.1)",
        "depth3": "0 10px 30px 0 rgba(0,20,29,0.1), 0 30px 60px 0 rgba(0,20,29,0.1)",
        "depth4": "0 10px 40px 0 rgba(0,20,29,0.04), 0 50px 80px 0 rgba(0,20,29,0.1)",
      },
      "text": Object {
        "color": "rgba(0,0,0,0.9)",
        "placeholder": "rgba(0,0,0,0.3)",
        "size": "14px",
      },
    }
  }
>
  <styled.div
    isInsideButton={false}
    size="small"
    theme={
      Object {
        "colors": Object {
          "base": "#00A376",
          "border": "#668491",
          "brand": "#00DC00",
          "destructive": Object {
            "hover": "#9F2C3F",
          },
          "error": "#C7384F",
          "focus": "#FFB500",
          "focusedIcon": "#335B6D",
          "focusedLinkBackground": "#FFDA7F",
          "hoveredTabKeyline": "#4CB74C",
          "info": "#0073C2",
          "primary": "#26A826",
          "secondary": "#006300",
          "success": "#00B000",
          "tertiary": "#004400",
          "warning": "#E96400",
          "white": "#FFFFFF",
          "whiteMix": "#E5F4E5",
        },
        "disabled": Object {
          "background": "#E5EAEC",
          "border": "#CCD6DA",
          "button": "#E5EAEC",
          "buttonText": "rgba(0,0,0,.2)",
          "disabled": "rgba(0,0,0,0.55)",
          "input": "#F2F4F5",
          "text": "rgba(0,0,0,0.3)",
        },
        "icon": Object {
          "focus": "#335B6D",
        },
        "name": "base",
        "shadows": Object {
          "cards": "0 3px 3px 0 rgba(0,20,29,0.2), 0 2px 4px 0 rgba(0,20,29,0.15)",
          "depth1": "0 5px 5px 0 rgba(0,20,29,0.2), 0 10px 10px 0 rgba(0,20,29,0.1)",
          "depth2": "0 10px 20px 0 rgba(0,20,29,0.2), 0 20px 40px 0 rgba(0,20,29,0.1)",
          "depth3": "0 10px 30px 0 rgba(0,20,29,0.1), 0 30px 60px 0 rgba(0,20,29,0.1)",
          "depth4": "0 10px 40px 0 rgba(0,20,29,0.04), 0 50px 80px 0 rgba(0,20,29,0.1)",
        },
        "text": Object {
          "color": "rgba(0,0,0,0.9)",
          "placeholder": "rgba(0,0,0,0.3)",
          "size": "14px",
        },
      }
    }
  />
  <styled.div
    isInsideButton={false}
    size="small"
    theme={
      Object {
        "colors": Object {
          "base": "#00A376",
          "border": "#668491",
          "brand": "#00DC00",
          "destructive": Object {
            "hover": "#9F2C3F",
          },
          "error": "#C7384F",
          "focus": "#FFB500",
          "focusedIcon": "#335B6D",
          "focusedLinkBackground": "#FFDA7F",
          "hoveredTabKeyline": "#4CB74C",
          "info": "#0073C2",
          "primary": "#26A826",
          "secondary": "#006300",
          "success": "#00B000",
          "tertiary": "#004400",
          "warning": "#E96400",
          "white": "#FFFFFF",
          "whiteMix": "#E5F4E5",
        },
        "disabled": Object {
          "background": "#E5EAEC",
          "border": "#CCD6DA",
          "button": "#E5EAEC",
          "buttonText": "rgba(0,0,0,.2)",
          "disabled": "rgba(0,0,0,0.55)",
          "input": "#F2F4F5",
          "text": "rgba(0,0,0,0.3)",
        },
        "icon": Object {
          "focus": "#335B6D",
        },
        "name": "base",
        "shadows": Object {
          "cards": "0 3px 3px 0 rgba(0,20,29,0.2), 0 2px 4px 0 rgba(0,20,29,0.15)",
          "depth1": "0 5px 5px 0 rgba(0,20,29,0.2), 0 10px 10px 0 rgba(0,20,29,0.1)",
          "depth2": "0 10px 20px 0 rgba(0,20,29,0.2), 0 20px 40px 0 rgba(0,20,29,0.1)",
          "depth3": "0 10px 30px 0 rgba(0,20,29,0.1), 0 30px 60px 0 rgba(0,20,29,0.1)",
          "depth4": "0 10px 40px 0 rgba(0,20,29,0.04), 0 50px 80px 0 rgba(0,20,29,0.1)",
        },
        "text": Object {
          "color": "rgba(0,0,0,0.9)",
          "placeholder": "rgba(0,0,0,0.3)",
          "size": "14px",
        },
      }
    }
  />
  <styled.div
    isInsideButton={false}
    size="small"
    theme={
      Object {
        "colors": Object {
          "base": "#00A376",
          "border": "#668491",
          "brand": "#00DC00",
          "destructive": Object {
            "hover": "#9F2C3F",
          },
          "error": "#C7384F",
          "focus": "#FFB500",
          "focusedIcon": "#335B6D",
          "focusedLinkBackground": "#FFDA7F",
          "hoveredTabKeyline": "#4CB74C",
          "info": "#0073C2",
          "primary": "#26A826",
          "secondary": "#006300",
          "success": "#00B000",
          "tertiary": "#004400",
          "warning": "#E96400",
          "white": "#FFFFFF",
          "whiteMix": "#E5F4E5",
        },
        "disabled": Object {
          "background": "#E5EAEC",
          "border": "#CCD6DA",
          "button": "#E5EAEC",
          "buttonText": "rgba(0,0,0,.2)",
          "disabled": "rgba(0,0,0,0.55)",
          "input": "#F2F4F5",
          "text": "rgba(0,0,0,0.3)",
        },
        "icon": Object {
          "focus": "#335B6D",
        },
        "name": "base",
        "shadows": Object {
          "cards": "0 3px 3px 0 rgba(0,20,29,0.2), 0 2px 4px 0 rgba(0,20,29,0.15)",
          "depth1": "0 5px 5px 0 rgba(0,20,29,0.2), 0 10px 10px 0 rgba(0,20,29,0.1)",
          "depth2": "0 10px 20px 0 rgba(0,20,29,0.2), 0 20px 40px 0 rgba(0,20,29,0.1)",
          "depth3": "0 10px 30px 0 rgba(0,20,29,0.1), 0 30px 60px 0 rgba(0,20,29,0.1)",
          "depth4": "0 10px 40px 0 rgba(0,20,29,0.04), 0 50px 80px 0 rgba(0,20,29,0.1)",
        },
        "text": Object {
          "color": "rgba(0,0,0,0.9)",
          "placeholder": "rgba(0,0,0,0.3)",
          "size": "14px",
        },
      }
    }
  />
</styled.div>
`;
