// Jest Snapshot v1, https://goo.gl/fbAQLP

exports[`Pager Navigation renders the Pager Navigation correctly with the classic theme 1`] = `
<ContextConsumer>
  <Component />
</ContextConsumer>
`;

exports[`Pager Navigation renders the Pager Navigation correctly with the small theme 1`] = `
<ContextConsumer>
  <Component />
</ContextConsumer>
`;
