// Jest Snapshot v1, https://goo.gl/fbAQLP

exports[`Pager renders the Pager correctly with the classic theme 1`] = `
<styled.div>
  <styled.div>
    <styled.div>
      Show 
      <Dropdown
        cacheVisibleValue={false}
        data-element="page-select"
        onChange={[Function]}
        options={
          Immutable.List [
            Immutable.Map {
              "id": "10",
              "name": 10,
            },
            Immutable.Map {
              "id": "25",
              "name": 25,
            },
            Immutable.Map {
              "id": "50",
              "name": 50,
            },
          ]
        }
        value="10"
      />
       
       records
    </styled.div>
  </styled.div>
  <WithTheme(PagerNavigation)
    currentPage="1"
    onPagination={[Function]}
    pageSize="10"
    pageSizeSelectionOptions={
      Immutable.List [
        Immutable.Map {
          "id": "10",
          "name": 10,
        },
        Immutable.Map {
          "id": "25",
          "name": 25,
        },
        Immutable.Map {
          "id": "50",
          "name": 50,
        },
      ]
    }
    setCurrentPage={[Function]}
    showPageSizeSelection={true}
    totalRecords={100}
  />
  <styled.div>
    100
     
     records
  </styled.div>
</styled.div>
`;

exports[`Pager renders the Pager correctly with the small theme 1`] = `
<styled.div>
  <styled.div>
    <styled.div>
      Show 
      <Dropdown
        cacheVisibleValue={false}
        data-element="page-select"
        onChange={[Function]}
        options={
          Immutable.List [
            Immutable.Map {
              "id": "10",
              "name": 10,
            },
            Immutable.Map {
              "id": "25",
              "name": 25,
            },
            Immutable.Map {
              "id": "50",
              "name": 50,
            },
          ]
        }
        value="10"
      />
       
       records
    </styled.div>
  </styled.div>
  <WithTheme(PagerNavigation)
    currentPage="1"
    onPagination={[Function]}
    pageSize="10"
    pageSizeSelectionOptions={
      Immutable.List [
        Immutable.Map {
          "id": "10",
          "name": 10,
        },
        Immutable.Map {
          "id": "25",
          "name": 25,
        },
        Immutable.Map {
          "id": "50",
          "name": 50,
        },
      ]
    }
    setCurrentPage={[Function]}
    showPageSizeSelection={true}
    totalRecords={100}
  />
  <styled.div>
    100
     
     records
  </styled.div>
</styled.div>
`;
