// Jest Snapshot v1, https://goo.gl/fbAQLP

exports[`Portal mount a <p/> tag as child 1`] = `"<div class=\\"carbon-portal\\"><p>john</p></div>"`;

exports[`Portal when using default node to match snapshot  1`] = `
<Portal>
  <div>
    <Icon
      bgSize="small"
      tooltipAlign="left"
      tooltipMessage="Test"
      tooltipPosition="top"
      type="tick"
    >
      <span
        className="carbon-icon icon-tick"
        data-component="icon"
        key="icon"
        onBlur={[Function]}
        onFocus={[Function]}
        onMouseEnter={[Function]}
        onMouseLeave={[Function]}
        onTouchEnd={[Function]}
        type="tick"
      />
    </Icon>
  </div>
</Portal>
`;

exports[`Portal when using default node will mount correctly on document 1`] = `"<div class=\\"carbon-portal\\"><span class=\\"carbon-icon icon-tick\\" type=\\"tick\\" data-component=\\"icon\\"></span></div>"`;
