// Jest Snapshot v1, https://goo.gl/fbAQLP

exports[`TableRow render if is not classic theme renders a row to match the snapshot 1`] = `
.c2 {
  background-color: #F2F4F5;
  border-bottom: 1px solid #CCD6DA;
  border-left: none;
  border-right: none;
  border-top: none;
  font-size: 13px;
  overflow: visible;
  padding: 8px;
  text-align: left;
  vertical-align: middle;
  white-space: nowrap;
}

.c2 > .common-input {
  margin-bottom: -4px;
  margin-left: -6px;
  margin-right: -6px;
  margin-top: -4px;
}

.c3 .carbon-table-row .custom-drag-layer .c1 {
  background-color: #002E41;
}

.c3 .carbon-table-row:nth-child(2n+1) .c1 {
  background-color: #ffffff;
}

.c3 .carbon-table-row:hover .c1 {
  background-color: #E7F1FC;
}

.c3 .carbon-table-row .c1:first-child:not(.carbon-table-cell--select),
.c3 .carbon-table-row .c4:first-child:not(.carbon-table-cell--select) {
  padding-left: 15px;
}

.c3 .carbon-table-row--selected .c1,
.c3 .carbon-table-row--selected:nth-child(odd) .c1,
.c3 .carbon-table-row--selected:hover .c1 {
  background-color: #1573E6;
  border-bottom-color: #255BC7;
  color: #FFFFFF;
  position: relative;
}

.c3 .carbon-table-row--selected .c1:before,
.c3 .carbon-table-row--selected:nth-child(odd) .c1:before,
.c3 .carbon-table-row--selected:hover .c1:before {
  background-color: #255BC7;
  content: "";
  height: 1px;
  left: 0;
  position: absolute;
  top: -1px;
  width: 100%;
}

.c3.c3 .carbon-table-row--highlighted .c1 {
  background-color: #D0E3FA;
  border-bottom-color: #1573E6;
  position: relative;
}

.c3.c3 .carbon-table-row--highlighted .c1:before {
  background-color: #1573E6;
  content: "";
  height: 1px;
  left: 0;
  position: absolute;
  top: -1px;
  width: 100%;
}

.c3.c3 .carbon-table-row--highlighted:hover .c1 {
  background-color: #D0E3FA;
}

.c3 .carbon-table-row--dragged .c1 {
  visibility: hidden;
}

.c3 .carbon-table-row--dragged + .carbon-table-row--dragging .c1 {
  border-top: 1px solid #000A0E;
}

.c0 {
  border-collapse: separate;
  border-radius: 0px;
  border-spacing: 0;
  min-width: 100%;
  table-layout: fixed;
  width: auto;
  word-break: break-all;
  background-color: #FFFFFF;
}

.c0 caption {
  -webkit-clip: rect(1px,1px,1px,1px);
  clip: rect(1px,1px,1px,1px);
  height: 1px;
  overflow: hidden;
  width: 1px;
  position: absolute;
  top: -99999px;
}

.c0 .carbon-table-row .custom-drag-layer {
  background-color: #002E41;
  cursor: -webkit-grabbing;
  cursor: -moz-grabbing;
  cursor: grabbing;
  cursor: -webkit--moz-grabbing;
  cursor: -moz--moz-grabbing;
  cursor: -moz-grabbing;
  cursor: -webkit--webkit-grabbing;
  cursor: -moz--webkit-grabbing;
  cursor: -webkit-grabbing;
  display: block;
}

.c0 .carbon-table-row .custom-drag-layer .c1 {
  background-color: #002E41;
}

.c0 .carbon-table-row .custom-drag-layer .configurable-item-row__content-wrapper {
  visibility: visible;
}

.c0 .carbon-table-row:first-child .c4:first-child {
  border-radius: 0px 0 0 0;
}

.c0 .carbon-table-row:first-child .c4:last-child {
  border-radius: 0 0px 0 0;
}

.c0 .carbon-table-row .c1 {
  padding-top: 0px;
  padding-bottom: 0px;
  background-color: #FFFFFF;
}

.c0 .carbon-table-row:hover .c1 {
  background-color: #F2F4F5;
}

.c0 .carbon-table-row .c1:first-child:not(.carbon-table-cell--select),
.c0 .carbon-table-row .c4:first-child:not(.carbon-table-cell--select) {
  padding-left: 15px;
}

.c0 .carbon-table-row .carbon-table-cell--select:first-child,
.c0 .carbon-table-row carbon-table-cell--select:first-child {
  text-align: center;
  width: 18px;
}

.c0 .carbon-table-row .carbon-table-cell--select:first-child .carbon-checkbox,
.c0 .carbon-table-row carbon-table-cell--select:first-child .carbon-checkbox {
  height: 15px;
  padding-top: 0;
}

.c0 .carbon-table-row--selected .c1,
.c0 .carbon-table-row--selected:nth-child(odd) .c1,
.c0 .carbon-table-row--selected:hover .c1 {
  background-color: #D8E0E3;
  border-bottom-color: #D8E0E3;
  position: relative;
}

.c0 .carbon-table-row--selected .c1:before,
.c0 .carbon-table-row--selected:nth-child(odd) .c1:before,
.c0 .carbon-table-row--selected:hover .c1:before {
  content: "";
  height: 1px;
  left: 0;
  position: absolute;
  top: -1px;
  width: 100%;
}

.c0.c0 .carbon-table-row--clickable {
  cursor: pointer;
}

.c0.c0 .carbon-table-row--highlighted .c1 {
  background-color: #D8E0E3;
  border-bottom-color: #D8E0E3;
  position: relative;
}

.c0.c0 .carbon-table-row--highlighted .c1:before {
  content: "";
  height: 1px;
  left: 0;
  position: absolute;
  top: -1px;
  width: 100%;
}

.c0.c0 .carbon-table-row--highlighted:hover .c1 {
  background-color: #D8E0E3;
}

.c0 .carbon-table-row--dragging {
  -webkit-user-select: none;
  -moz-user-select: none;
  -ms-user-select: none;
  user-select: none;
}

.c0 .carbon-table-row--dragged .c1 {
  visibility: hidden;
}

.c0 .carbon-table-row--dragged + .carbon-table-row--dragging .c1 {
  border-top: 1px solid #000A0E;
}

.c0 .draggable-table-cell__icon {
  cursor: move;
  padding: 8.5px 14px;
}

.c0 .draggable-table-cell__icon,
.custom-drag-layer .c0 .draggable-table-cell__icon {
  cursor: -webkit-grabbing;
  cursor: -moz-grabbing;
  cursor: grabbing;
  cursor: -webkit--moz-grabbing;
  cursor: -moz--moz-grabbing;
  cursor: -moz-grabbing;
  cursor: -webkit--webkit-grabbing;
  cursor: -moz--webkit-grabbing;
  cursor: -webkit-grabbing;
}

<styled.table
  theme={
    Object {
      "colors": Object {
        "base": "#00A376",
        "border": "#668491",
        "brand": "#00DC00",
        "error": "#C7384F",
        "focus": "#FFDA7F",
        "focusedIcon": "#335B6D",
        "info": "#0073C2",
        "primary": "#00805D",
        "secondary": "#006045",
        "success": "#00B000",
        "tertiary": "#003F2E",
        "warning": "#E96400",
        "white": "#FFFFFF",
      },
      "disabled": Object {
        "background": "#E5EAEC",
        "border": "#CCD6DA",
        "disabled": "rgba(0,0,0,0.55)",
        "input": "#F2F4F5",
        "text": "rgba(0,0,0,0.3)",
      },
      "icon": Object {
        "focus": "#335B6D",
      },
      "name": "small",
      "shadows": Object {
        "cards": "0 3px 3px 0 rgba(0,20,29,0.2), 0 2px 4px 0 rgba(0,20,29,0.15)",
        "depth1": "0 5px 5px 0 rgba(0,20,29,0.2), 0 10px 10px 0 rgba(0,20,29,0.1)",
        "depth2": "0 10px 20px 0 rgba(0,20,29,0.2), 0 20px 40px 0 rgba(0,20,29,0.1)",
        "depth3": "0 10px 30px 0 rgba(0,20,29,0.1), 0 30px 60px 0 rgba(0,20,29,0.1)",
        "depth4": "0 10px 40px 0 rgba(0,20,29,0.04), 0 50px 80px 0 rgba(0,20,29,0.1)",
      },
      "table": Object {
        "header": "#335B6D",
        "hover": "#E5EAEC",
        "primary": "#F2F4F5",
        "secondary": "#CCD6DA",
        "selected": "#D8E0E3",
        "sizes": Object {
          "compact": "24px",
          "large": "48px",
          "medium": "40px",
          "small": "32px",
        },
        "tertiary": "#19475B",
        "zebra": "#F9FAFB",
      },
      "text": Object {
        "color": "rgba(0,0,0,0.9)",
        "placeholder": "rgba(0,0,0,0.3)",
        "size": "14px",
      },
    }
  }
>
  <StyledComponent
    forwardedComponent={
      Object {
        "$$typeof": Symbol(react.forward_ref),
        "attrs": Array [],
        "componentStyle": ComponentStyle {
          "componentId": "sc-bxivhb",
          "isStatic": false,
          "lastClassName": "c0",
          "rules": Array [
            "
  border-collapse: separate;
  border-radius: 0px;
  border-spacing: 0;
  min-width: 100%;
  table-layout: fixed;
  width: auto;
  word-break: break-all;
  
  ",
            [Function],
            "

  & caption {
    clip: rect(1px, 1px, 1px, 1px);
    height: 1px;
    overflow: hidden;
    width: 1px;
    position: absolute;
    top: -99999px;
  }

  ",
            [Function],
            "

  ",
            "
  .carbon-table-row {
    ",
            [Function],
            "
  }
",
            "
",
          ],
        },
        "defaultProps": Object {
          "theme": Object {
            "colors": Object {
              "border": "#668491",
              "brand": "#00DC00",
              "error": "#C7384F",
              "focus": "#FFDA7F",
              "focusedIcon": "#335B6D",
              "info": "#0073C2",
              "primary": "#26A826",
              "secondary": "#006300",
              "success": "#00B000",
              "tertiary": "#004400",
              "warning": "#E96400",
              "white": "#FFFFFF",
            },
            "disabled": Object {
              "background": "#E5EAEC",
              "border": "#CCD6DA",
              "disabled": "rgba(0,0,0,0.55)",
              "input": "#F2F4F5",
              "text": "rgba(0,0,0,0.3)",
            },
            "icon": Object {
              "focus": "#335B6D",
            },
            "name": "base",
            "shadows": Object {
              "cards": "0 3px 3px 0 rgba(0,20,29,0.2), 0 2px 4px 0 rgba(0,20,29,0.15)",
              "depth1": "0 5px 5px 0 rgba(0,20,29,0.2), 0 10px 10px 0 rgba(0,20,29,0.1)",
              "depth2": "0 10px 20px 0 rgba(0,20,29,0.2), 0 20px 40px 0 rgba(0,20,29,0.1)",
              "depth3": "0 10px 30px 0 rgba(0,20,29,0.1), 0 30px 60px 0 rgba(0,20,29,0.1)",
              "depth4": "0 10px 40px 0 rgba(0,20,29,0.04), 0 50px 80px 0 rgba(0,20,29,0.1)",
            },
            "table": Object {
              "header": "#335B6D",
              "hover": "#E5EAEC",
              "primary": "#F2F4F5",
              "secondary": "#CCD6DA",
              "selected": "#D8E0E3",
              "sizes": Object {
                "compact": "24px",
                "large": "48px",
                "medium": "40px",
                "small": "32px",
              },
              "tertiary": "#19475B",
              "zebra": "#F9FAFB",
            },
            "text": Object {
              "color": "rgba(0,0,0,0.9)",
              "placeholder": "rgba(0,0,0,0.3)",
              "size": "14px",
            },
          },
        },
        "displayName": "styled.table",
        "foldedComponentIds": Array [],
        "propTypes": Object {
          "isZebra": [Function],
          "tableType": [Function],
        },
        "render": [Function],
        "styledComponentId": "sc-bxivhb",
        "target": "table",
        "toString": [Function],
        "warnTooManyClasses": [Function],
        "withComponent": [Function],
      }
    }
    forwardedRef={null}
    theme={
      Object {
        "colors": Object {
          "base": "#00A376",
          "border": "#668491",
          "brand": "#00DC00",
          "error": "#C7384F",
          "focus": "#FFDA7F",
          "focusedIcon": "#335B6D",
          "info": "#0073C2",
          "primary": "#00805D",
          "secondary": "#006045",
          "success": "#00B000",
          "tertiary": "#003F2E",
          "warning": "#E96400",
          "white": "#FFFFFF",
        },
        "disabled": Object {
          "background": "#E5EAEC",
          "border": "#CCD6DA",
          "disabled": "rgba(0,0,0,0.55)",
          "input": "#F2F4F5",
          "text": "rgba(0,0,0,0.3)",
        },
        "icon": Object {
          "focus": "#335B6D",
        },
        "name": "small",
        "shadows": Object {
          "cards": "0 3px 3px 0 rgba(0,20,29,0.2), 0 2px 4px 0 rgba(0,20,29,0.15)",
          "depth1": "0 5px 5px 0 rgba(0,20,29,0.2), 0 10px 10px 0 rgba(0,20,29,0.1)",
          "depth2": "0 10px 20px 0 rgba(0,20,29,0.2), 0 20px 40px 0 rgba(0,20,29,0.1)",
          "depth3": "0 10px 30px 0 rgba(0,20,29,0.1), 0 30px 60px 0 rgba(0,20,29,0.1)",
          "depth4": "0 10px 40px 0 rgba(0,20,29,0.04), 0 50px 80px 0 rgba(0,20,29,0.1)",
        },
        "table": Object {
          "header": "#335B6D",
          "hover": "#E5EAEC",
          "primary": "#F2F4F5",
          "secondary": "#CCD6DA",
          "selected": "#D8E0E3",
          "sizes": Object {
            "compact": "24px",
            "large": "48px",
            "medium": "40px",
            "small": "32px",
          },
          "tertiary": "#19475B",
          "zebra": "#F9FAFB",
        },
        "text": Object {
          "color": "rgba(0,0,0,0.9)",
          "placeholder": "rgba(0,0,0,0.3)",
          "size": "14px",
        },
      }
    }
  >
    <table
      className="c0"
    >
      <TableRow>
        <tr
          className="carbon-table-row"
          data-component="table-row"
        >
          <TableCell
            align=""
          >
            <styled.td
              align=""
              data-component="table-cell"
              theme={
                Object {
                  "colors": Object {
                    "border": "#668491",
                    "brand": "#00DC00",
                    "error": "#C7384F",
                    "focus": "#FFDA7F",
                    "focusedIcon": "#335B6D",
                    "info": "#0073C2",
                    "primary": "#26A826",
                    "secondary": "#006300",
                    "success": "#00B000",
                    "tertiary": "#004400",
                    "warning": "#E96400",
                    "white": "#FFFFFF",
                  },
                  "disabled": Object {
                    "background": "#E5EAEC",
                    "border": "#CCD6DA",
                    "disabled": "rgba(0,0,0,0.55)",
                    "input": "#F2F4F5",
                    "text": "rgba(0,0,0,0.3)",
                  },
                  "icon": Object {
                    "focus": "#335B6D",
                  },
                  "name": "base",
                  "shadows": Object {
                    "cards": "0 3px 3px 0 rgba(0,20,29,0.2), 0 2px 4px 0 rgba(0,20,29,0.15)",
                    "depth1": "0 5px 5px 0 rgba(0,20,29,0.2), 0 10px 10px 0 rgba(0,20,29,0.1)",
                    "depth2": "0 10px 20px 0 rgba(0,20,29,0.2), 0 20px 40px 0 rgba(0,20,29,0.1)",
                    "depth3": "0 10px 30px 0 rgba(0,20,29,0.1), 0 30px 60px 0 rgba(0,20,29,0.1)",
                    "depth4": "0 10px 40px 0 rgba(0,20,29,0.04), 0 50px 80px 0 rgba(0,20,29,0.1)",
                  },
                  "table": Object {
                    "header": "#335B6D",
                    "hover": "#E5EAEC",
                    "primary": "#F2F4F5",
                    "secondary": "#CCD6DA",
                    "selected": "#D8E0E3",
                    "sizes": Object {
                      "compact": "24px",
                      "large": "48px",
                      "medium": "40px",
                      "small": "32px",
                    },
                    "tertiary": "#19475B",
                    "zebra": "#F9FAFB",
                  },
                  "text": Object {
                    "color": "rgba(0,0,0,0.9)",
                    "placeholder": "rgba(0,0,0,0.3)",
                    "size": "14px",
                  },
                }
              }
            >
              <StyledComponent
                align=""
                data-component="table-cell"
                forwardedComponent={
                  Object {
                    "$$typeof": Symbol(react.forward_ref),
                    "attrs": Array [],
                    "componentStyle": ComponentStyle {
                      "componentId": "c1",
                      "isStatic": false,
                      "lastClassName": "c2",
                      "rules": Array [
                        "
  ",
                        [Function],
                        "
",
                      ],
                    },
                    "defaultProps": Object {
                      "theme": Object {
                        "colors": Object {
                          "border": "#668491",
                          "brand": "#00DC00",
                          "error": "#C7384F",
                          "focus": "#FFDA7F",
                          "focusedIcon": "#335B6D",
                          "info": "#0073C2",
                          "primary": "#26A826",
                          "secondary": "#006300",
                          "success": "#00B000",
                          "tertiary": "#004400",
                          "warning": "#E96400",
                          "white": "#FFFFFF",
                        },
                        "disabled": Object {
                          "background": "#E5EAEC",
                          "border": "#CCD6DA",
                          "disabled": "rgba(0,0,0,0.55)",
                          "input": "#F2F4F5",
                          "text": "rgba(0,0,0,0.3)",
                        },
                        "icon": Object {
                          "focus": "#335B6D",
                        },
                        "name": "base",
                        "shadows": Object {
                          "cards": "0 3px 3px 0 rgba(0,20,29,0.2), 0 2px 4px 0 rgba(0,20,29,0.15)",
                          "depth1": "0 5px 5px 0 rgba(0,20,29,0.2), 0 10px 10px 0 rgba(0,20,29,0.1)",
                          "depth2": "0 10px 20px 0 rgba(0,20,29,0.2), 0 20px 40px 0 rgba(0,20,29,0.1)",
                          "depth3": "0 10px 30px 0 rgba(0,20,29,0.1), 0 30px 60px 0 rgba(0,20,29,0.1)",
                          "depth4": "0 10px 40px 0 rgba(0,20,29,0.04), 0 50px 80px 0 rgba(0,20,29,0.1)",
                        },
                        "table": Object {
                          "header": "#335B6D",
                          "hover": "#E5EAEC",
                          "primary": "#F2F4F5",
                          "secondary": "#CCD6DA",
                          "selected": "#D8E0E3",
                          "sizes": Object {
                            "compact": "24px",
                            "large": "48px",
                            "medium": "40px",
                            "small": "32px",
                          },
                          "tertiary": "#19475B",
                          "zebra": "#F9FAFB",
                        },
                        "text": Object {
                          "color": "rgba(0,0,0,0.9)",
                          "placeholder": "rgba(0,0,0,0.3)",
                          "size": "14px",
                        },
                      },
                    },
                    "displayName": "styled.td",
                    "foldedComponentIds": Array [],
                    "propTypes": Object {
                      "action": [Function],
                      "align": [Function],
                    },
                    "render": [Function],
                    "styledComponentId": "c1",
                    "target": "td",
                    "toString": [Function],
                    "warnTooManyClasses": [Function],
                    "withComponent": [Function],
                  }
                }
                forwardedRef={null}
                theme={
                  Object {
                    "colors": Object {
                      "border": "#668491",
                      "brand": "#00DC00",
                      "error": "#C7384F",
                      "focus": "#FFDA7F",
                      "focusedIcon": "#335B6D",
                      "info": "#0073C2",
                      "primary": "#26A826",
                      "secondary": "#006300",
                      "success": "#00B000",
                      "tertiary": "#004400",
                      "warning": "#E96400",
                      "white": "#FFFFFF",
                    },
                    "disabled": Object {
                      "background": "#E5EAEC",
                      "border": "#CCD6DA",
                      "disabled": "rgba(0,0,0,0.55)",
                      "input": "#F2F4F5",
                      "text": "rgba(0,0,0,0.3)",
                    },
                    "icon": Object {
                      "focus": "#335B6D",
                    },
                    "name": "base",
                    "shadows": Object {
                      "cards": "0 3px 3px 0 rgba(0,20,29,0.2), 0 2px 4px 0 rgba(0,20,29,0.15)",
                      "depth1": "0 5px 5px 0 rgba(0,20,29,0.2), 0 10px 10px 0 rgba(0,20,29,0.1)",
                      "depth2": "0 10px 20px 0 rgba(0,20,29,0.2), 0 20px 40px 0 rgba(0,20,29,0.1)",
                      "depth3": "0 10px 30px 0 rgba(0,20,29,0.1), 0 30px 60px 0 rgba(0,20,29,0.1)",
                      "depth4": "0 10px 40px 0 rgba(0,20,29,0.04), 0 50px 80px 0 rgba(0,20,29,0.1)",
                    },
                    "table": Object {
                      "header": "#335B6D",
                      "hover": "#E5EAEC",
                      "primary": "#F2F4F5",
                      "secondary": "#CCD6DA",
                      "selected": "#D8E0E3",
                      "sizes": Object {
                        "compact": "24px",
                        "large": "48px",
                        "medium": "40px",
                        "small": "32px",
                      },
                      "tertiary": "#19475B",
                      "zebra": "#F9FAFB",
                    },
                    "text": Object {
                      "color": "rgba(0,0,0,0.9)",
                      "placeholder": "rgba(0,0,0,0.3)",
                      "size": "14px",
                    },
                  }
                }
              >
                <td
                  className="c1 c2"
                  data-component="table-cell"
                />
              </StyledComponent>
            </styled.td>
          </TableCell>
        </tr>
      </TableRow>
    </table>
  </StyledComponent>
</styled.table>
`;
