// Jest Snapshot v1, https://goo.gl/fbAQLP

exports[`Tab renders as expected 1`] = `
.c0 {
  display: none;
}

<div
  className="c0"
  title="Tab Title 1"
/>
`;
