// Jest Snapshot v1, https://goo.gl/fbAQLP

exports[`CloseIcon when rendered should match snapshot 1`] = `
.c0 {
  -webkit-align-items: center;
  -webkit-box-align: center;
  -ms-flex-align: center;
  align-items: center;
  display: -webkit-box;
  display: -webkit-flex;
  display: -ms-flexbox;
  display: flex;
  margin-left: auto;
  -webkit-box-pack: center;
  -webkit-justify-content: center;
  -ms-flex-pack: center;
  justify-content: center;
  text-align: center;
  width: 45px;
  color: #0077C8;
}

.c0 span {
  cursor: pointer;
}

.c0 span:before {
  font-size: 16px;
  display: block;
}

<info
  className="c0"
  type="info"
>
  <span
    className="carbon-icon icon-close"
    data-component="icon"
    data-element="close"
  />
</info>
`;
