// Jest Snapshot v1, https://goo.gl/fbAQLP

exports[`MessageContent when rendered should match snapshot 1`] = `
<styled.div
  transparent={false}
  type="info"
>
  <Content
    align="left"
    as="primary"
    bodyFullWidth={false}
    className="message-content"
    inline={false}
  />
</styled.div>
`;
