// Jest Snapshot v1, https://goo.gl/fbAQLP

exports[`TypeIcon when rendered should match snapshot 1`] = `
<styled.div
  as="info"
  roundedCorners={true}
  theme={
    Object {
      "colors": Object {
        "border": "#668491",
        "brand": "#00DC00",
        "error": "#C7384F",
        "focus": "#FFB500",
        "info": "#0077C8",
        "primary": "#26A826",
        "secondary": "#006300",
        "success": "#00B000",
        "tertiary": "#004400",
        "warning": "#E96400",
        "white": "#FFFFFF",
      },
      "disabled": Object {
        "border": "#CCD6DA",
        "disabled": "rgba(0,0,0,0.55)",
        "input": "#F2F4F5",
      },
      "name": "base",
      "text": Object {
        "color": "rgba(0,0,0,0.9)",
        "placeholder": "rgba(0,0,0,0.3)",
        "size": "14px",
      },
    }
  }
  transparent={false}
  type="info"
>
  <Icon
    bgSize="small"
    type="info"
  />
</styled.div>
`;
