// Jest Snapshot v1, https://goo.gl/fbAQLP

exports[`Checkbox base theme renders as expected 1`] = `
.c4 {
  display: inline-block;
  padding-top: 1px;
  position: relative;
}

.c6 {
  cursor: pointer;
  opacity: 0;
  margin: 0;
  z-index: 999;
}

.c7 .c3 {
  padding-top: 1px;
}

.c7 .c5,
.c7 svg {
  height: 16px;
  position: absolute;
  padding: 1px;
}

.c7 .c3,
.c7 .c5,
.c7 svg {
  box-sizing: border-box;
  width: 16px;
}

.c7 .c5:not([disabled]):focus + svg,
.c7 .c5:not([disabled]):hover + svg {
  outline: solid 3px #FFDA7F;
}

.c7 .c3,
.c7 .c5,
.c7 .c5 + svg {
  height: 24px;
  padding: 2px;
  width: 24px;
}

.c8 .c3 {
  padding-top: 1px;
}

.c8 .c5,
.c8 svg {
  height: 16px;
  position: absolute;
  padding: 1px;
}

.c8 .c3,
.c8 .c5,
.c8 svg {
  box-sizing: border-box;
  width: 16px;
}

.c8 .c5:not([disabled]):focus + svg,
.c8 .c5:not([disabled]):hover + svg {
  outline: solid 3px #FFDA7F;
}

.c8 .c3,
.c8 .c5,
.c8 .c5 + svg {
  height: 24px;
  padding: 2px;
  width: 24px;
}

.c9 .c3 {
  padding-top: 1px;
}

.c9 .c5,
.c9 svg {
  height: 16px;
  position: absolute;
  padding: 1px;
}

.c9 .c3,
.c9 .c5,
.c9 svg {
  box-sizing: border-box;
  width: 16px;
}

.c9 .c5:not([disabled]):focus + svg,
.c9 .c5:not([disabled]):hover + svg {
  outline: solid 3px #FFDA7F;
}

.c9 .c5:hover,
.c9 svg:hover,
.c9 .c19:hover,
.c9 .c5:focus,
.c9 svg:focus,
.c9 .c19:focus {
  outline: none;
  cursor: not-allowed;
}

.c10 .c3 {
  padding-top: 1px;
}

.c10 .c5,
.c10 svg {
  height: 16px;
  position: absolute;
  padding: 1px;
}

.c10 .c3,
.c10 .c5,
.c10 svg {
  box-sizing: border-box;
  width: 16px;
}

.c10 .c5:not([disabled]):focus + svg,
.c10 .c5:not([disabled]):hover + svg {
  outline: solid 3px #FFDA7F;
}

.c10 .c5:hover,
.c10 svg:hover,
.c10 .c19:hover,
.c10 .c5:focus,
.c10 svg:focus,
.c10 .c19:focus {
  outline: none;
  cursor: not-allowed;
}

.c11 .c3 {
  padding-top: 1px;
}

.c11 .c5,
.c11 svg {
  height: 16px;
  position: absolute;
  padding: 1px;
}

.c11 .c3,
.c11 .c5,
.c11 svg {
  box-sizing: border-box;
  width: 16px;
}

.c11 .c5:not([disabled]):focus + svg,
.c11 .c5:not([disabled]):hover + svg {
  outline: solid 3px #FFDA7F;
}

.c11 .c3 {
  width: 50%;
}

.c12 .c3 {
  padding-top: 1px;
}

.c12 .c5,
.c12 svg {
  height: 16px;
  position: absolute;
  padding: 1px;
}

.c12 .c3,
.c12 .c5,
.c12 svg {
  box-sizing: border-box;
  width: 16px;
}

.c12 .c5:not([disabled]):focus + svg,
.c12 .c5:not([disabled]):hover + svg {
  outline: solid 3px #FFDA7F;
}

.c13 .c3 {
  padding-top: 1px;
}

.c13 .c5,
.c13 svg {
  height: 16px;
  position: absolute;
  padding: 1px;
}

.c13 .c3,
.c13 .c5,
.c13 svg {
  box-sizing: border-box;
  width: 16px;
}

.c13 .c5:not([disabled]):focus + svg,
.c13 .c5:not([disabled]):hover + svg {
  outline: solid 3px #FFDA7F;
}

.c13 .c3 {
  padding-left: 6px;
}

.c14 .c3 {
  padding-top: 1px;
}

.c14 .c5,
.c14 svg {
  height: 16px;
  position: absolute;
  padding: 1px;
}

.c14 .c3,
.c14 .c5,
.c14 svg {
  box-sizing: border-box;
  width: 16px;
}

.c14 .c5:not([disabled]):focus + svg,
.c14 .c5:not([disabled]):hover + svg {
  outline: solid 3px #FFDA7F;
}

.c14 .c3 {
  padding: 1px 0 0 0;
}

.c14 .c5,
.c14 svg {
  padding: 1px;
}

.c14 .c3,
.c14 .c5,
.c14 .c5 + svg {
  height: 15px;
  width: 15px;
}

.c14 .c5:not([disabled]):focus + svg,
.c14 .c5:not([disabled]):hover + svg {
  border: 1px solid #1963f6;
  outline: none;
}

.c15 .c3 {
  padding-top: 1px;
}

.c15 .c5,
.c15 svg {
  height: 16px;
  position: absolute;
  padding: 1px;
}

.c15 .c3,
.c15 .c5,
.c15 svg {
  box-sizing: border-box;
  width: 16px;
}

.c15 .c5:not([disabled]):focus + svg,
.c15 .c5:not([disabled]):hover + svg {
  outline: solid 3px #FFDA7F;
}

.c15 .c5:hover,
.c15 svg:hover,
.c15 .c19:hover,
.c15 .c5:focus,
.c15 svg:focus,
.c15 .c19:focus {
  outline: none;
  cursor: not-allowed;
}

.c15 .c3 {
  padding: 1px 0 0 0;
}

.c15 .c5,
.c15 svg {
  padding: 1px;
}

.c15 .c3,
.c15 .c5,
.c15 .c5 + svg {
  height: 15px;
  width: 15px;
}

.c15 .c5:not([disabled]):focus + svg,
.c15 .c5:not([disabled]):hover + svg {
  border: 1px solid #1963f6;
  outline: none;
}

.c16 .c3 {
  padding-top: 1px;
}

.c16 .c5,
.c16 svg {
  height: 16px;
  position: absolute;
  padding: 1px;
}

.c16 .c3,
.c16 .c5,
.c16 svg {
  box-sizing: border-box;
  width: 16px;
}

.c16 .c5:not([disabled]):focus + svg,
.c16 .c5:not([disabled]):hover + svg {
  outline: solid 3px #FFDA7F;
}

.c16 .c5:hover,
.c16 svg:hover,
.c16 .c19:hover,
.c16 .c5:focus,
.c16 svg:focus,
.c16 .c19:focus {
  outline: none;
  cursor: not-allowed;
}

.c16 .c3 {
  padding: 1px 0 0 0;
}

.c16 .c5,
.c16 svg {
  padding: 1px;
}

.c16 .c3,
.c16 .c5,
.c16 .c5 + svg {
  height: 15px;
  width: 15px;
}

.c16 .c5:not([disabled]):focus + svg,
.c16 .c5:not([disabled]):hover + svg {
  border: 1px solid #1963f6;
  outline: none;
}

.c17 .c3 {
  padding-top: 1px;
}

.c17 .c5,
.c17 svg {
  height: 16px;
  position: absolute;
  padding: 1px;
}

.c17 .c3,
.c17 .c5,
.c17 svg {
  box-sizing: border-box;
  width: 16px;
}

.c17 .c5:not([disabled]):focus + svg,
.c17 .c5:not([disabled]):hover + svg {
  outline: solid 3px #FFDA7F;
}

.c17 .c3 {
  padding-left: 6px;
}

.c17 .c3 {
  padding: 1px 0 0 0;
}

.c17 .c5,
.c17 svg {
  padding: 1px;
}

.c17 .c3,
.c17 .c5,
.c17 .c5 + svg {
  height: 15px;
  width: 15px;
}

.c17 .c5:not([disabled]):focus + svg,
.c17 .c5:not([disabled]):hover + svg {
  border: 1px solid #1963f6;
  outline: none;
}

.c17 .c3 {
  padding-left: 6px;
}

.c0 {
  padding-top: 8px;
}

.c0 .c3 {
  padding-top: 1px;
}

.c0 svg {
  background-color: #FFFFFF;
  border: solid 1px #668491;
}

.c0 .c5,
.c0 svg {
  height: 16px;
  position: absolute;
  padding: 1px;
}

.c0 .c3,
.c0 .c5,
.c0 svg {
  box-sizing: border-box;
  width: 16px;
}

.c0 .c5:not([disabled]):focus + svg,
.c0 .c5:not([disabled]):hover + svg {
  outline: solid 3px #FFDA7F;
}

.c0 .c19 {
  padding: 0 6px;
  text-align: left;
  width: auto;
}

.c0 .c19 .c20 {
  color: rgba(0,0,0,0.65);
  vertical-align: bottom;
}

.c0 .c19 .c20:hover,
.c0 .c19 .c20:focus {
  color: rgba(0,0,0,0.9);
}

.c0 .c18 {
  margin-left: 16px;
  margin-top: 0;
  padding-left: 6px;
}

.c2 {
  display: block;
}

.c2 + .c1 {
  margin-top: 16px;
}

<div
  className="c0"
  data-component="checkbox"
>
  <div
    className="c1 c2"
  >
    <div
      className="c3 c4"
    >
      <input
        className="c5 c6"
        id="guid-12345"
        role="checkbox"
        type="checkbox"
      />
      <svg
        height="10"
        viewBox="0 0 12 10"
        width="12"
      >
        <path
          d="M.237 6.477A.752.752 0 0 1 .155 5.47l.851-1.092a.63.63 0 0 1 .934-.088l2.697 1.964, 4.674-6a.63.63 0 0 1 .933-.088l1.015.917c.28.254.317.703.081 1.005L6.353 8.492a.725.725, 0 0 1-.095.16l-.85 1.093a.637.637 0 0 1-.626.244.638.638 0 0 1-.335-.16L.237 6.476z"
          fill="#FFFFFF"
          fillRule="evenodd"
        />
      </svg>
    </div>
  </div>
</div>
`;
