// Jest Snapshot v1, https://goo.gl/fbAQLP

exports[`HiddenCheckbox renders as expected 1`] = `
.c0 {
  cursor: pointer;
  opacity: 0;
  margin: 0;
  z-index: 999;
}

<input
  className="c0"
  role="checkbox"
  type="checkbox"
/>
`;
